pretrained init: loaded 831 tensors (1.75M params, 102% of model, 5 attn-bias interpolated), skipped 19
  skipped by category: {'attn_bias': 5, 'head': 14}

=== [floor] TASK 1/50: p00_crab_telephone ===
after task 1: p00_cr=96.0
cumulative: avg acc 96.00%  storage 6.98 MB

=== [floor] TASK 2/50: p01_baby_otter ===
after task 2: p00_cr=96.0  p01_ba=93.5
cumulative: avg acc 94.75%  storage 7.23 MB

=== [floor] TASK 3/50: p02_skunk_turtle ===
after task 3: p00_cr=96.0  p01_ba=93.5  p02_sk=92.5
cumulative: avg acc 94.00%  storage 7.48 MB

=== [floor] TASK 4/50: p03_can_shark ===
after task 4: p00_cr=96.0  p01_ba=93.5  p02_sk=92.5  p03_ca=98.5
cumulative: avg acc 95.12%  storage 7.73 MB

=== [floor] TASK 5/50: p04_orchid_whale ===
after task 5: p00_cr=96.0  p01_ba=93.5  p02_sk=92.5  p03_ca=98.5  p04_or=98.5
cumulative: avg acc 95.80%  storage 7.98 MB

=== [floor] TASK 6/50: p05_orange_tulip ===
after task 6: p00_cr=96.0  p01_ba=93.5  p02_sk=92.5  p03_ca=98.5  p04_or=98.5  p05_or=97.0
cumulative: avg acc 96.00%  storage 8.23 MB

=== [floor] TASK 7/50: p06_bus_snake ===
after task 7: p00_cr=96.0  p01_ba=93.5  p02_sk=92.5  p03_ca=98.5  p04_or=98.5  p05_or=97.0  p06_bu=97.5
cumulative: avg acc 96.21%  storage 8.48 MB

=== [floor] TASK 8/50: p07_beetle_dolphin ===
after task 8: p00_cr=96.0  p01_ba=93.5  p02_sk=92.5  p03_ca=98.5  p04_or=98.5  p05_or=97.0  p06_bu=97.5  p07_be=98.0
cumulative: avg acc 96.44%  storage 8.73 MB

=== [floor] TASK 9/50: p08_clock_cockroach ===
after task 9: p00_cr=96.0  p01_ba=93.5  p02_sk=92.5  p03_ca=98.5  p04_or=98.5  p05_or=97.0  p06_bu=97.5  p07_be=98.0  p08_cl=98.5
cumulative: avg acc 96.67%  storage 8.97 MB

=== [floor] TASK 10/50: p09_bicycle_forest ===
after task 10: p00_cr=96.0  p01_ba=93.5  p02_sk=92.5  p03_ca=98.5  p04_or=98.5  p05_or=97.0  p06_bu=97.5  p07_be=98.0  p08_cl=98.5  p09_bi=97.0
cumulative: avg acc 96.70%  storage 9.22 MB

=== [floor] TASK 11/50: p10_lion_poppy ===
after task 11: p00_cr=96.0  p01_ba=93.5  p02_sk=92.5  p03_ca=98.5  p04_or=98.5  p05_or=97.0  p06_bu=97.5  p07_be=98.0  p08_cl=98.5  p09_bi=97.0  p10_li=98.0
cumulative: avg acc 96.82%  storage 9.47 MB

=== [floor] TASK 12/50: p11_bear_sea ===
after task 12: p00_cr=96.0  p01_ba=93.5  p02_sk=92.5  p03_ca=98.5  p04_or=98.5  p05_or=97.0  p06_bu=97.5  p07_be=98.0  p08_cl=98.5  p09_bi=97.0  p10_li=98.0  p11_be=96.5
cumulative: avg acc 96.79%  storage 9.72 MB

=== [floor] TASK 13/50: p12_lobster_motorcycle ===
after task 13: p00_cr=96.0  p01_ba=93.5  p02_sk=92.5  p03_ca=98.5  p04_or=98.5  p05_or=97.0  p06_bu=97.5  p07_be=98.0  p08_cl=98.5  p09_bi=97.0  p10_li=98.0  p11_be=96.5  p12_lo=95.0
cumulative: avg acc 96.65%  storage 9.97 MB

=== [floor] TASK 14/50: p13_bee_worm ===
after task 14: p00_cr=96.0  p01_ba=93.5  p02_sk=92.5  p03_ca=98.5  p04_or=98.5  p05_or=97.0  p06_bu=97.5  p07_be=98.0  p08_cl=98.5  p09_bi=97.0  p10_li=98.0  p11_be=96.5  p12_lo=95.0  p13_be=99.0
cumulative: avg acc 96.82%  storage 10.22 MB

=== [floor] TASK 15/50: p14_skyscraper_sunflower ===
after task 15: p00_cr=96.0  p01_ba=93.5  p02_sk=92.5  p03_ca=98.5  p04_or=98.5  p05_or=97.0  p06_bu=97.5  p07_be=98.0  p08_cl=98.5  p09_bi=97.0  p10_li=98.0  p11_be=96.5  p12_lo=95.0  p13_be=99.0  p14_sk=99.0
cumulative: avg acc 96.97%  storage 10.47 MB

=== [floor] TASK 16/50: p15_plain_squirrel ===
after task 16: p00_cr=96.0  p01_ba=93.5  p02_sk=92.5  p03_ca=98.5  p04_or=98.5  p05_or=97.0  p06_bu=97.5  p07_be=98.0  p08_cl=98.5  p09_bi=97.0  p10_li=98.0  p11_be=96.5  p12_lo=95.0  p13_be=99.0  p14_sk=99.0  p15_pl=99.0
cumulative: avg acc 97.09%  storage 10.72 MB

=== [floor] TASK 17/50: p16_road_train ===
after task 17: p00_cr=96.0  p01_ba=93.5  p02_sk=92.5  p03_ca=98.5  p04_or=98.5  p05_or=97.0  p06_bu=97.5  p07_be=98.0  p08_cl=98.5  p09_bi=97.0  p10_li=98.0  p11_be=96.5  p12_lo=95.0  p13_be=99.0  p14_sk=99.0  p15_pl=99.0  p16_ro=95.0
cumulative: avg acc 96.97%  storage 10.97 MB

=== [floor] TASK 18/50: p17_crocodile_mushroom ===
after task 18: p00_cr=96.0  p01_ba=93.5  p02_sk=92.5  p03_ca=98.5  p04_or=98.5  p05_or=97.0  p06_bu=97.5  p07_be=98.0  p08_cl=98.5  p09_bi=97.0  p10_li=98.0  p11_be=96.5  p12_lo=95.0  p13_be=99.0  p14_sk=99.0  p15_pl=99.0  p16_ro=95.0  p17_cr=93.5
cumulative: avg acc 96.78%  storage 11.22 MB

=== [floor] TASK 19/50: p18_caterpillar_palm_tree ===
after task 19: p00_cr=96.0  p01_ba=93.5  p02_sk=92.5  p03_ca=98.5  p04_or=98.5  p05_or=97.0  p06_bu=97.5  p07_be=98.0  p08_cl=98.5  p09_bi=97.0  p10_li=98.0  p11_be=96.5  p12_lo=95.0  p13_be=99.0  p14_sk=99.0  p15_pl=99.0  p16_ro=95.0  p17_cr=93.5  p18_ca=95.5
cumulative: avg acc 96.71%  storage 11.46 MB

=== [floor] TASK 20/50: p19_porcupine_shrew ===
after task 20: p00_cr=96.0  p01_ba=93.5  p02_sk=92.5  p03_ca=98.5  p04_or=98.5  p05_or=97.0  p06_bu=97.5  p07_be=98.0  p08_cl=98.5  p09_bi=97.0  p10_li=98.0  p11_be=96.5  p12_lo=95.0  p13_be=99.0  p14_sk=99.0  p15_pl=99.0  p16_ro=95.0  p17_cr=93.5  p18_ca=95.5  p19_po=85.0
cumulative: avg acc 96.12%  storage 11.71 MB

=== [floor] TASK 21/50: p20_aquarium_fish_plate ===
after task 21: p00_cr=96.0  p01_ba=93.5  p02_sk=92.5  p03_ca=98.5  p04_or=98.5  p05_or=97.0  p06_bu=97.5  p07_be=98.0  p08_cl=98.5  p09_bi=97.0  p10_li=98.0  p11_be=96.5  p12_lo=95.0  p13_be=99.0  p14_sk=99.0  p15_pl=99.0  p16_ro=95.0  p17_cr=93.5  p18_ca=95.5  p19_po=85.0  p20_aq=100.0
cumulative: avg acc 96.31%  storage 11.96 MB

=== [floor] TASK 22/50: p21_lawn_mower_leopard ===
after task 22: p00_cr=96.0  p01_ba=93.5  p02_sk=92.5  p03_ca=98.5  p04_or=98.5  p05_or=97.0  p06_bu=97.5  p07_be=98.0  p08_cl=98.5  p09_bi=97.0  p10_li=98.0  p11_be=96.5  p12_lo=95.0  p13_be=99.0  p14_sk=99.0  p15_pl=99.0  p16_ro=95.0  p17_cr=93.5  p18_ca=95.5  p19_po=85.0  p20_aq=100.0  p21_la=97.5
cumulative: avg acc 96.36%  storage 12.21 MB

=== [floor] TASK 23/50: p22_beaver_camel ===
after task 23: p00_cr=96.0  p01_ba=93.5  p02_sk=92.5  p03_ca=98.5  p04_or=98.5  p05_or=97.0  p06_bu=97.5  p07_be=98.0  p08_cl=98.5  p09_bi=97.0  p10_li=98.0  p11_be=96.5  p12_lo=95.0  p13_be=99.0  p14_sk=99.0  p15_pl=99.0  p16_ro=95.0  p17_cr=93.5  p18_ca=95.5  p19_po=85.0  p20_aq=100.0  p21_la=97.5  p22_be=93.0
cumulative: avg acc 96.22%  storage 12.46 MB

=== [floor] TASK 24/50: p23_castle_lamp ===
after task 24: p00_cr=96.0  p01_ba=93.5  p02_sk=92.5  p03_ca=98.5  p04_or=98.5  p05_or=97.0  p06_bu=97.5  p07_be=98.0  p08_cl=98.5  p09_bi=97.0  p10_li=98.0  p11_be=96.5  p12_lo=95.0  p13_be=99.0  p14_sk=99.0  p15_pl=99.0  p16_ro=95.0  p17_cr=93.5  p18_ca=95.5  p19_po=85.0  p20_aq=100.0  p21_la=97.5  p22_be=93.0  p23_ca=98.5
cumulative: avg acc 96.31%  storage 12.71 MB

=== [floor] TASK 25/50: p24_bed_kangaroo ===
after task 25: p00_cr=96.0  p01_ba=93.5  p02_sk=92.5  p03_ca=98.5  p04_or=98.5  p05_or=97.0  p06_bu=97.5  p07_be=98.0  p08_cl=98.5  p09_bi=97.0  p10_li=98.0  p11_be=96.5  p12_lo=95.0  p13_be=99.0  p14_sk=99.0  p15_pl=99.0  p16_ro=95.0  p17_cr=93.5  p18_ca=95.5  p19_po=85.0  p20_aq=100.0  p21_la=97.5  p22_be=93.0  p23_ca=98.5  p24_be=96.5
cumulative: avg acc 96.32%  storage 12.96 MB

=== [floor] TASK 26/50: p25_pine_tree_trout ===
after task 26: p00_cr=96.0  p01_ba=93.5  p02_sk=92.5  p03_ca=98.5  p04_or=98.5  p05_or=97.0  p06_bu=97.5  p07_be=98.0  p08_cl=98.5  p09_bi=97.0  p10_li=98.0  p11_be=96.5  p12_lo=95.0  p13_be=99.0  p14_sk=99.0  p15_pl=99.0  p16_ro=95.0  p17_cr=93.5  p18_ca=95.5  p19_po=85.0  p20_aq=100.0  p21_la=97.5  p22_be=93.0  p23_ca=98.5  p24_be=96.5  p25_pi=98.0
cumulative: avg acc 96.38%  storage 13.21 MB

=== [floor] TASK 27/50: p26_apple_fox ===
after task 27: p00_cr=96.0  p01_ba=93.5  p02_sk=92.5  p03_ca=98.5  p04_or=98.5  p05_or=97.0  p06_bu=97.5  p07_be=98.0  p08_cl=98.5  p09_bi=97.0  p10_li=98.0  p11_be=96.5  p12_lo=95.0  p13_be=99.0  p14_sk=99.0  p15_pl=99.0  p16_ro=95.0  p17_cr=93.5  p18_ca=95.5  p19_po=85.0  p20_aq=100.0  p21_la=97.5  p22_be=93.0  p23_ca=98.5  p24_be=96.5  p25_pi=98.0  p26_ap=99.5
cumulative: avg acc 96.50%  storage 13.46 MB

=== [floor] TASK 28/50: p27_cup_mouse ===
after task 28: p00_cr=96.0  p01_ba=93.5  p02_sk=92.5  p03_ca=98.5  p04_or=98.5  p05_or=97.0  p06_bu=97.5  p07_be=98.0  p08_cl=98.5  p09_bi=97.0  p10_li=98.0  p11_be=96.5  p12_lo=95.0  p13_be=99.0  p14_sk=99.0  p15_pl=99.0  p16_ro=95.0  p17_cr=93.5  p18_ca=95.5  p19_po=85.0  p20_aq=100.0  p21_la=97.5  p22_be=93.0  p23_ca=98.5  p24_be=96.5  p25_pi=98.0  p26_ap=99.5  p27_cu=97.0
cumulative: avg acc 96.52%  storage 13.70 MB

=== [floor] TASK 29/50: p28_boy_girl ===
after task 29: p00_cr=96.0  p01_ba=93.5  p02_sk=92.5  p03_ca=98.5  p04_or=98.5  p05_or=97.0  p06_bu=97.5  p07_be=98.0  p08_cl=98.5  p09_bi=97.0  p10_li=98.0  p11_be=96.5  p12_lo=95.0  p13_be=99.0  p14_sk=99.0  p15_pl=99.0  p16_ro=95.0  p17_cr=93.5  p18_ca=95.5  p19_po=85.0  p20_aq=100.0  p21_la=97.5  p22_be=93.0  p23_ca=98.5  p24_be=96.5  p25_pi=98.0  p26_ap=99.5  p27_cu=97.0  p28_bo=70.5
cumulative: avg acc 95.62%  storage 13.95 MB

=== [floor] TASK 30/50: p29_cloud_oak_tree ===
after task 30: p00_cr=96.0  p01_ba=93.5  p02_sk=92.5  p03_ca=98.5  p04_or=98.5  p05_or=97.0  p06_bu=97.5  p07_be=98.0  p08_cl=98.5  p09_bi=97.0  p10_li=98.0  p11_be=96.5  p12_lo=95.0  p13_be=99.0  p14_sk=99.0  p15_pl=99.0  p16_ro=95.0  p17_cr=93.5  p18_ca=95.5  p19_po=85.0  p20_aq=100.0  p21_la=97.5  p22_be=93.0  p23_ca=98.5  p24_be=96.5  p25_pi=98.0  p26_ap=99.5  p27_cu=97.0  p28_bo=70.5  p29_cl=100.0
cumulative: avg acc 95.77%  storage 14.20 MB

=== [floor] TASK 31/50: p30_bowl_elephant ===
after task 31: p00_cr=96.0  p01_ba=93.5  p02_sk=92.5  p03_ca=98.5  p04_or=98.5  p05_or=97.0  p06_bu=97.5  p07_be=98.0  p08_cl=98.5  p09_bi=97.0  p10_li=98.0  p11_be=96.5  p12_lo=95.0  p13_be=99.0  p14_sk=99.0  p15_pl=99.0  p16_ro=95.0  p17_cr=93.5  p18_ca=95.5  p19_po=85.0  p20_aq=100.0  p21_la=97.5  p22_be=93.0  p23_ca=98.5  p24_be=96.5  p25_pi=98.0  p26_ap=99.5  p27_cu=97.0  p28_bo=70.5  p29_cl=100.0  p30_bo=98.5
cumulative: avg acc 95.85%  storage 14.45 MB

=== [floor] TASK 32/50: p31_pear_raccoon ===
after task 32: p00_cr=96.0  p01_ba=93.5  p02_sk=92.5  p03_ca=98.5  p04_or=98.5  p05_or=97.0  p06_bu=97.5  p07_be=98.0  p08_cl=98.5  p09_bi=97.0  p10_li=98.0  p11_be=96.5  p12_lo=95.0  p13_be=99.0  p14_sk=99.0  p15_pl=99.0  p16_ro=95.0  p17_cr=93.5  p18_ca=95.5  p19_po=85.0  p20_aq=100.0  p21_la=97.5  p22_be=93.0  p23_ca=98.5  p24_be=96.5  p25_pi=98.0  p26_ap=99.5  p27_cu=97.0  p28_bo=70.5  p29_cl=100.0  p30_bo=98.5  p31_pe=98.5
cumulative: avg acc 95.94%  storage 14.70 MB

=== [floor] TASK 33/50: p32_spider_tank ===
after task 33: p00_cr=96.0  p01_ba=93.5  p02_sk=92.5  p03_ca=98.5  p04_or=98.5  p05_or=97.0  p06_bu=97.5  p07_be=98.0  p08_cl=98.5  p09_bi=97.0  p10_li=98.0  p11_be=96.5  p12_lo=95.0  p13_be=99.0  p14_sk=99.0  p15_pl=99.0  p16_ro=95.0  p17_cr=93.5  p18_ca=95.5  p19_po=85.0  p20_aq=100.0  p21_la=97.5  p22_be=93.0  p23_ca=98.5  p24_be=96.5  p25_pi=98.0  p26_ap=99.5  p27_cu=97.0  p28_bo=70.5  p29_cl=100.0  p30_bo=98.5  p31_pe=98.5  p32_sp=96.0
cumulative: avg acc 95.94%  storage 14.95 MB

=== [floor] TASK 34/50: p33_flatfish_table ===
after task 34: p00_cr=96.0  p01_ba=93.5  p02_sk=92.5  p03_ca=98.5  p04_or=98.5  p05_or=97.0  p06_bu=97.5  p07_be=98.0  p08_cl=98.5  p09_bi=97.0  p10_li=98.0  p11_be=96.5  p12_lo=95.0  p13_be=99.0  p14_sk=99.0  p15_pl=99.0  p16_ro=95.0  p17_cr=93.5  p18_ca=95.5  p19_po=85.0  p20_aq=100.0  p21_la=97.5  p22_be=93.0  p23_ca=98.5  p24_be=96.5  p25_pi=98.0  p26_ap=99.5  p27_cu=97.0  p28_bo=70.5  p29_cl=100.0  p30_bo=98.5  p31_pe=98.5  p32_sp=96.0  p33_fl=90.5
cumulative: avg acc 95.78%  storage 15.20 MB

=== [floor] TASK 35/50: p34_butterfly_tractor ===
after task 35: p00_cr=96.0  p01_ba=93.5  p02_sk=92.5  p03_ca=98.5  p04_or=98.5  p05_or=97.0  p06_bu=97.5  p07_be=98.0  p08_cl=98.5  p09_bi=97.0  p10_li=98.0  p11_be=96.5  p12_lo=95.0  p13_be=99.0  p14_sk=99.0  p15_pl=99.0  p16_ro=95.0  p17_cr=93.5  p18_ca=95.5  p19_po=85.0  p20_aq=100.0  p21_la=97.5  p22_be=93.0  p23_ca=98.5  p24_be=96.5  p25_pi=98.0  p26_ap=99.5  p27_cu=97.0  p28_bo=70.5  p29_cl=100.0  p30_bo=98.5  p31_pe=98.5  p32_sp=96.0  p33_fl=90.5  p34_bu=94.0
cumulative: avg acc 95.73%  storage 15.45 MB

=== [floor] TASK 36/50: p35_cattle_dinosaur ===
after task 36: p00_cr=96.0  p01_ba=93.5  p02_sk=92.5  p03_ca=98.5  p04_or=98.5  p05_or=97.0  p06_bu=97.5  p07_be=98.0  p08_cl=98.5  p09_bi=97.0  p10_li=98.0  p11_be=96.5  p12_lo=95.0  p13_be=99.0  p14_sk=99.0  p15_pl=99.0  p16_ro=95.0  p17_cr=93.5  p18_ca=95.5  p19_po=85.0  p20_aq=100.0  p21_la=97.5  p22_be=93.0  p23_ca=98.5  p24_be=96.5  p25_pi=98.0  p26_ap=99.5  p27_cu=97.0  p28_bo=70.5  p29_cl=100.0  p30_bo=98.5  p31_pe=98.5  p32_sp=96.0  p33_fl=90.5  p34_bu=94.0  p35_ca=87.0
cumulative: avg acc 95.49%  storage 15.70 MB

=== [floor] TASK 37/50: p36_mountain_wolf ===
after task 37: p00_cr=96.0  p01_ba=93.5  p02_sk=92.5  p03_ca=98.5  p04_or=98.5  p05_or=97.0  p06_bu=97.5  p07_be=98.0  p08_cl=98.5  p09_bi=97.0  p10_li=98.0  p11_be=96.5  p12_lo=95.0  p13_be=99.0  p14_sk=99.0  p15_pl=99.0  p16_ro=95.0  p17_cr=93.5  p18_ca=95.5  p19_po=85.0  p20_aq=100.0  p21_la=97.5  p22_be=93.0  p23_ca=98.5  p24_be=96.5  p25_pi=98.0  p26_ap=99.5  p27_cu=97.0  p28_bo=70.5  p29_cl=100.0  p30_bo=98.5  p31_pe=98.5  p32_sp=96.0  p33_fl=90.5  p34_bu=94.0  p35_ca=87.0  p36_mo=98.5
cumulative: avg acc 95.57%  storage 15.94 MB

=== [floor] TASK 38/50: p37_rocket_woman ===
after task 38: p00_cr=96.0  p01_ba=93.5  p02_sk=92.5  p03_ca=98.5  p04_or=98.5  p05_or=97.0  p06_bu=97.5  p07_be=98.0  p08_cl=98.5  p09_bi=97.0  p10_li=98.0  p11_be=96.5  p12_lo=95.0  p13_be=99.0  p14_sk=99.0  p15_pl=99.0  p16_ro=95.0  p17_cr=93.5  p18_ca=95.5  p19_po=85.0  p20_aq=100.0  p21_la=97.5  p22_be=93.0  p23_ca=98.5  p24_be=96.5  p25_pi=98.0  p26_ap=99.5  p27_cu=97.0  p28_bo=70.5  p29_cl=100.0  p30_bo=98.5  p31_pe=98.5  p32_sp=96.0  p33_fl=90.5  p34_bu=94.0  p35_ca=87.0  p36_mo=98.5  p37_ro=98.5
cumulative: avg acc 95.64%  storage 16.19 MB

=== [floor] TASK 39/50: p38_chair_wardrobe ===
after task 39: p00_cr=96.0  p01_ba=93.5  p02_sk=92.5  p03_ca=98.5  p04_or=98.5  p05_or=97.0  p06_bu=97.5  p07_be=98.0  p08_cl=98.5  p09_bi=97.0  p10_li=98.0  p11_be=96.5  p12_lo=95.0  p13_be=99.0  p14_sk=99.0  p15_pl=99.0  p16_ro=95.0  p17_cr=93.5  p18_ca=95.5  p19_po=85.0  p20_aq=100.0  p21_la=97.5  p22_be=93.0  p23_ca=98.5  p24_be=96.5  p25_pi=98.0  p26_ap=99.5  p27_cu=97.0  p28_bo=70.5  p29_cl=100.0  p30_bo=98.5  p31_pe=98.5  p32_sp=96.0  p33_fl=90.5  p34_bu=94.0  p35_ca=87.0  p36_mo=98.5  p37_ro=98.5  p38_ch=94.5
cumulative: avg acc 95.62%  storage 16.44 MB

=== [floor] TASK 40/50: p39_seal_snail ===
after task 40: p00_cr=96.0  p01_ba=93.5  p02_sk=92.5  p03_ca=98.5  p04_or=98.5  p05_or=97.0  p06_bu=97.5  p07_be=98.0  p08_cl=98.5  p09_bi=97.0  p10_li=98.0  p11_be=96.5  p12_lo=95.0  p13_be=99.0  p14_sk=99.0  p15_pl=99.0  p16_ro=95.0  p17_cr=93.5  p18_ca=95.5  p19_po=85.0  p20_aq=100.0  p21_la=97.5  p22_be=93.0  p23_ca=98.5  p24_be=96.5  p25_pi=98.0  p26_ap=99.5  p27_cu=97.0  p28_bo=70.5  p29_cl=100.0  p30_bo=98.5  p31_pe=98.5  p32_sp=96.0  p33_fl=90.5  p34_bu=94.0  p35_ca=87.0  p36_mo=98.5  p37_ro=98.5  p38_ch=94.5  p39_se=91.5
cumulative: avg acc 95.51%  storage 16.69 MB

=== [floor] TASK 41/50: p40_couch_house ===
after task 41: p00_cr=96.0  p01_ba=93.5  p02_sk=92.5  p03_ca=98.5  p04_or=98.5  p05_or=97.0  p06_bu=97.5  p07_be=98.0  p08_cl=98.5  p09_bi=97.0  p10_li=98.0  p11_be=96.5  p12_lo=95.0  p13_be=99.0  p14_sk=99.0  p15_pl=99.0  p16_ro=95.0  p17_cr=93.5  p18_ca=95.5  p19_po=85.0  p20_aq=100.0  p21_la=97.5  p22_be=93.0  p23_ca=98.5  p24_be=96.5  p25_pi=98.0  p26_ap=99.5  p27_cu=97.0  p28_bo=70.5  p29_cl=100.0  p30_bo=98.5  p31_pe=98.5  p32_sp=96.0  p33_fl=90.5  p34_bu=94.0  p35_ca=87.0  p36_mo=98.5  p37_ro=98.5  p38_ch=94.5  p39_se=91.5  p40_co=91.5
cumulative: avg acc 95.41%  storage 16.94 MB

=== [floor] TASK 42/50: p41_man_streetcar ===
after task 42: p00_cr=96.0  p01_ba=93.5  p02_sk=92.5  p03_ca=98.5  p04_or=98.5  p05_or=97.0  p06_bu=97.5  p07_be=98.0  p08_cl=98.5  p09_bi=97.0  p10_li=98.0  p11_be=96.5  p12_lo=95.0  p13_be=99.0  p14_sk=99.0  p15_pl=99.0  p16_ro=95.0  p17_cr=93.5  p18_ca=95.5  p19_po=85.0  p20_aq=100.0  p21_la=97.5  p22_be=93.0  p23_ca=98.5  p24_be=96.5  p25_pi=98.0  p26_ap=99.5  p27_cu=97.0  p28_bo=70.5  p29_cl=100.0  p30_bo=98.5  p31_pe=98.5  p32_sp=96.0  p33_fl=90.5  p34_bu=94.0  p35_ca=87.0  p36_mo=98.5  p37_ro=98.5  p38_ch=94.5  p39_se=91.5  p40_co=91.5  p41_ma=97.5
cumulative: avg acc 95.46%  storage 17.19 MB

=== [floor] TASK 43/50: p42_keyboard_rabbit ===
after task 43: p00_cr=96.0  p01_ba=93.5  p02_sk=92.5  p03_ca=98.5  p04_or=98.5  p05_or=97.0  p06_bu=97.5  p07_be=98.0  p08_cl=98.5  p09_bi=97.0  p10_li=98.0  p11_be=96.5  p12_lo=95.0  p13_be=99.0  p14_sk=99.0  p15_pl=99.0  p16_ro=95.0  p17_cr=93.5  p18_ca=95.5  p19_po=85.0  p20_aq=100.0  p21_la=97.5  p22_be=93.0  p23_ca=98.5  p24_be=96.5  p25_pi=98.0  p26_ap=99.5  p27_cu=97.0  p28_bo=70.5  p29_cl=100.0  p30_bo=98.5  p31_pe=98.5  p32_sp=96.0  p33_fl=90.5  p34_bu=94.0  p35_ca=87.0  p36_mo=98.5  p37_ro=98.5  p38_ch=94.5  p39_se=91.5  p40_co=91.5  p41_ma=97.5  p42_ke=99.0
cumulative: avg acc 95.55%  storage 17.44 MB

=== [floor] TASK 44/50: p43_bridge_pickup_truck ===
after task 44: p00_cr=96.0  p01_ba=93.5  p02_sk=92.5  p03_ca=98.5  p04_or=98.5  p05_or=97.0  p06_bu=97.5  p07_be=98.0  p08_cl=98.5  p09_bi=97.0  p10_li=98.0  p11_be=96.5  p12_lo=95.0  p13_be=99.0  p14_sk=99.0  p15_pl=99.0  p16_ro=95.0  p17_cr=93.5  p18_ca=95.5  p19_po=85.0  p20_aq=100.0  p21_la=97.5  p22_be=93.0  p23_ca=98.5  p24_be=96.5  p25_pi=98.0  p26_ap=99.5  p27_cu=97.0  p28_bo=70.5  p29_cl=100.0  p30_bo=98.5  p31_pe=98.5  p32_sp=96.0  p33_fl=90.5  p34_bu=94.0  p35_ca=87.0  p36_mo=98.5  p37_ro=98.5  p38_ch=94.5  p39_se=91.5  p40_co=91.5  p41_ma=97.5  p42_ke=99.0  p43_br=93.0
cumulative: avg acc 95.49%  storage 17.69 MB

=== [floor] TASK 45/50: p44_rose_tiger ===
after task 45: p00_cr=96.0  p01_ba=93.5  p02_sk=92.5  p03_ca=98.5  p04_or=98.5  p05_or=97.0  p06_bu=97.5  p07_be=98.0  p08_cl=98.5  p09_bi=97.0  p10_li=98.0  p11_be=96.5  p12_lo=95.0  p13_be=99.0  p14_sk=99.0  p15_pl=99.0  p16_ro=95.0  p17_cr=93.5  p18_ca=95.5  p19_po=85.0  p20_aq=100.0  p21_la=97.5  p22_be=93.0  p23_ca=98.5  p24_be=96.5  p25_pi=98.0  p26_ap=99.5  p27_cu=97.0  p28_bo=70.5  p29_cl=100.0  p30_bo=98.5  p31_pe=98.5  p32_sp=96.0  p33_fl=90.5  p34_bu=94.0  p35_ca=87.0  p36_mo=98.5  p37_ro=98.5  p38_ch=94.5  p39_se=91.5  p40_co=91.5  p41_ma=97.5  p42_ke=99.0  p43_br=93.0  p44_ro=97.5
cumulative: avg acc 95.53%  storage 17.94 MB

=== [floor] TASK 46/50: p45_hamster_television ===
after task 46: p00_cr=96.0  p01_ba=93.5  p02_sk=92.5  p03_ca=98.5  p04_or=98.5  p05_or=97.0  p06_bu=97.5  p07_be=98.0  p08_cl=98.5  p09_bi=97.0  p10_li=98.0  p11_be=96.5  p12_lo=95.0  p13_be=99.0  p14_sk=99.0  p15_pl=99.0  p16_ro=95.0  p17_cr=93.5  p18_ca=95.5  p19_po=85.0  p20_aq=100.0  p21_la=97.5  p22_be=93.0  p23_ca=98.5  p24_be=96.5  p25_pi=98.0  p26_ap=99.5  p27_cu=97.0  p28_bo=70.5  p29_cl=100.0  p30_bo=98.5  p31_pe=98.5  p32_sp=96.0  p33_fl=90.5  p34_bu=94.0  p35_ca=87.0  p36_mo=98.5  p37_ro=98.5  p38_ch=94.5  p39_se=91.5  p40_co=91.5  p41_ma=97.5  p42_ke=99.0  p43_br=93.0  p44_ro=97.5  p45_ha=97.5
cumulative: avg acc 95.58%  storage 18.19 MB

=== [floor] TASK 47/50: p46_chimpanzee_sweet_pepper ===
after task 47: p00_cr=96.0  p01_ba=93.5  p02_sk=92.5  p03_ca=98.5  p04_or=98.5  p05_or=97.0  p06_bu=97.5  p07_be=98.0  p08_cl=98.5  p09_bi=97.0  p10_li=98.0  p11_be=96.5  p12_lo=95.0  p13_be=99.0  p14_sk=99.0  p15_pl=99.0  p16_ro=95.0  p17_cr=93.5  p18_ca=95.5  p19_po=85.0  p20_aq=100.0  p21_la=97.5  p22_be=93.0  p23_ca=98.5  p24_be=96.5  p25_pi=98.0  p26_ap=99.5  p27_cu=97.0  p28_bo=70.5  p29_cl=100.0  p30_bo=98.5  p31_pe=98.5  p32_sp=96.0  p33_fl=90.5  p34_bu=94.0  p35_ca=87.0  p36_mo=98.5  p37_ro=98.5  p38_ch=94.5  p39_se=91.5  p40_co=91.5  p41_ma=97.5  p42_ke=99.0  p43_br=93.0  p44_ro=97.5  p45_ha=97.5  p46_ch=99.0
cumulative: avg acc 95.65%  storage 18.43 MB

=== [floor] TASK 48/50: p47_bottle_willow_tree ===
after task 48: p00_cr=96.0  p01_ba=93.5  p02_sk=92.5  p03_ca=98.5  p04_or=98.5  p05_or=97.0  p06_bu=97.5  p07_be=98.0  p08_cl=98.5  p09_bi=97.0  p10_li=98.0  p11_be=96.5  p12_lo=95.0  p13_be=99.0  p14_sk=99.0  p15_pl=99.0  p16_ro=95.0  p17_cr=93.5  p18_ca=95.5  p19_po=85.0  p20_aq=100.0  p21_la=97.5  p22_be=93.0  p23_ca=98.5  p24_be=96.5  p25_pi=98.0  p26_ap=99.5  p27_cu=97.0  p28_bo=70.5  p29_cl=100.0  p30_bo=98.5  p31_pe=98.5  p32_sp=96.0  p33_fl=90.5  p34_bu=94.0  p35_ca=87.0  p36_mo=98.5  p37_ro=98.5  p38_ch=94.5  p39_se=91.5  p40_co=91.5  p41_ma=97.5  p42_ke=99.0  p43_br=93.0  p44_ro=97.5  p45_ha=97.5  p46_ch=99.0  p47_bo=98.5
cumulative: avg acc 95.71%  storage 18.68 MB

=== [floor] TASK 49/50: p48_possum_ray ===
after task 49: p00_cr=96.0  p01_ba=93.5  p02_sk=92.5  p03_ca=98.5  p04_or=98.5  p05_or=97.0  p06_bu=97.5  p07_be=98.0  p08_cl=98.5  p09_bi=97.0  p10_li=98.0  p11_be=96.5  p12_lo=95.0  p13_be=99.0  p14_sk=99.0  p15_pl=99.0  p16_ro=95.0  p17_cr=93.5  p18_ca=95.5  p19_po=85.0  p20_aq=100.0  p21_la=97.5  p22_be=93.0  p23_ca=98.5  p24_be=96.5  p25_pi=98.0  p26_ap=99.5  p27_cu=97.0  p28_bo=70.5  p29_cl=100.0  p30_bo=98.5  p31_pe=98.5  p32_sp=96.0  p33_fl=90.5  p34_bu=94.0  p35_ca=87.0  p36_mo=98.5  p37_ro=98.5  p38_ch=94.5  p39_se=91.5  p40_co=91.5  p41_ma=97.5  p42_ke=99.0  p43_br=93.0  p44_ro=97.5  p45_ha=97.5  p46_ch=99.0  p47_bo=98.5  p48_po=92.5
cumulative: avg acc 95.64%  storage 18.93 MB

=== [floor] TASK 50/50: p49_lizard_maple_tree ===
after task 50: p00_cr=96.0  p01_ba=93.5  p02_sk=92.5  p03_ca=98.5  p04_or=98.5  p05_or=97.0  p06_bu=97.5  p07_be=98.0  p08_cl=98.5  p09_bi=97.0  p10_li=98.0  p11_be=96.5  p12_lo=95.0  p13_be=99.0  p14_sk=99.0  p15_pl=99.0  p16_ro=95.0  p17_cr=93.5  p18_ca=95.5  p19_po=85.0  p20_aq=100.0  p21_la=97.5  p22_be=93.0  p23_ca=98.5  p24_be=96.5  p25_pi=98.0  p26_ap=99.5  p27_cu=97.0  p28_bo=70.5  p29_cl=100.0  p30_bo=98.5  p31_pe=98.5  p32_sp=96.0  p33_fl=90.5  p34_bu=94.0  p35_ca=87.0  p36_mo=98.5  p37_ro=98.5  p38_ch=94.5  p39_se=91.5  p40_co=91.5  p41_ma=97.5  p42_ke=99.0  p43_br=93.0  p44_ro=97.5  p45_ha=97.5  p46_ch=99.0  p47_bo=98.5  p48_po=92.5  p49_li=98.5
cumulative: avg acc 95.70%  storage 19.18 MB

==========================================================================
Floor-only control (no adapter) : per-task accuracy (col = after task N)
==========================================================================
task \ after      1      2      3      4      5      6      7      8      9     10     11     12     13     14     15     16     17     18     19     20     21     22     23     24     25     26     27     28     29     30     31     32     33     34     35     36     37     38     39     40     41     42     43     44     45     46     47     48     49     50
p00_crab_tel   96.0   96.0   96.0   96.0   96.0   96.0   96.0   96.0   96.0   96.0   96.0   96.0   96.0   96.0   96.0   96.0   96.0   96.0   96.0   96.0   96.0   96.0   96.0   96.0   96.0   96.0   96.0   96.0   96.0   96.0   96.0   96.0   96.0   96.0   96.0   96.0   96.0   96.0   96.0   96.0   96.0   96.0   96.0   96.0   96.0   96.0   96.0   96.0   96.0   96.0
p01_baby_ott    -     93.5   93.5   93.5   93.5   93.5   93.5   93.5   93.5   93.5   93.5   93.5   93.5   93.5   93.5   93.5   93.5   93.5   93.5   93.5   93.5   93.5   93.5   93.5   93.5   93.5   93.5   93.5   93.5   93.5   93.5   93.5   93.5   93.5   93.5   93.5   93.5   93.5   93.5   93.5   93.5   93.5   93.5   93.5   93.5   93.5   93.5   93.5   93.5   93.5
p02_skunk_tu    -      -     92.5   92.5   92.5   92.5   92.5   92.5   92.5   92.5   92.5   92.5   92.5   92.5   92.5   92.5   92.5   92.5   92.5   92.5   92.5   92.5   92.5   92.5   92.5   92.5   92.5   92.5   92.5   92.5   92.5   92.5   92.5   92.5   92.5   92.5   92.5   92.5   92.5   92.5   92.5   92.5   92.5   92.5   92.5   92.5   92.5   92.5   92.5   92.5
p03_can_shar    -      -      -     98.5   98.5   98.5   98.5   98.5   98.5   98.5   98.5   98.5   98.5   98.5   98.5   98.5   98.5   98.5   98.5   98.5   98.5   98.5   98.5   98.5   98.5   98.5   98.5   98.5   98.5   98.5   98.5   98.5   98.5   98.5   98.5   98.5   98.5   98.5   98.5   98.5   98.5   98.5   98.5   98.5   98.5   98.5   98.5   98.5   98.5   98.5
p04_orchid_w    -      -      -      -     98.5   98.5   98.5   98.5   98.5   98.5   98.5   98.5   98.5   98.5   98.5   98.5   98.5   98.5   98.5   98.5   98.5   98.5   98.5   98.5   98.5   98.5   98.5   98.5   98.5   98.5   98.5   98.5   98.5   98.5   98.5   98.5   98.5   98.5   98.5   98.5   98.5   98.5   98.5   98.5   98.5   98.5   98.5   98.5   98.5   98.5
p05_orange_t    -      -      -      -      -     97.0   97.0   97.0   97.0   97.0   97.0   97.0   97.0   97.0   97.0   97.0   97.0   97.0   97.0   97.0   97.0   97.0   97.0   97.0   97.0   97.0   97.0   97.0   97.0   97.0   97.0   97.0   97.0   97.0   97.0   97.0   97.0   97.0   97.0   97.0   97.0   97.0   97.0   97.0   97.0   97.0   97.0   97.0   97.0   97.0
p06_bus_snak    -      -      -      -      -      -     97.5   97.5   97.5   97.5   97.5   97.5   97.5   97.5   97.5   97.5   97.5   97.5   97.5   97.5   97.5   97.5   97.5   97.5   97.5   97.5   97.5   97.5   97.5   97.5   97.5   97.5   97.5   97.5   97.5   97.5   97.5   97.5   97.5   97.5   97.5   97.5   97.5   97.5   97.5   97.5   97.5   97.5   97.5   97.5
p07_beetle_d    -      -      -      -      -      -      -     98.0   98.0   98.0   98.0   98.0   98.0   98.0   98.0   98.0   98.0   98.0   98.0   98.0   98.0   98.0   98.0   98.0   98.0   98.0   98.0   98.0   98.0   98.0   98.0   98.0   98.0   98.0   98.0   98.0   98.0   98.0   98.0   98.0   98.0   98.0   98.0   98.0   98.0   98.0   98.0   98.0   98.0   98.0
p08_clock_co    -      -      -      -      -      -      -      -     98.5   98.5   98.5   98.5   98.5   98.5   98.5   98.5   98.5   98.5   98.5   98.5   98.5   98.5   98.5   98.5   98.5   98.5   98.5   98.5   98.5   98.5   98.5   98.5   98.5   98.5   98.5   98.5   98.5   98.5   98.5   98.5   98.5   98.5   98.5   98.5   98.5   98.5   98.5   98.5   98.5   98.5
p09_bicycle_    -      -      -      -      -      -      -      -      -     97.0   97.0   97.0   97.0   97.0   97.0   97.0   97.0   97.0   97.0   97.0   97.0   97.0   97.0   97.0   97.0   97.0   97.0   97.0   97.0   97.0   97.0   97.0   97.0   97.0   97.0   97.0   97.0   97.0   97.0   97.0   97.0   97.0   97.0   97.0   97.0   97.0   97.0   97.0   97.0   97.0
p10_lion_pop    -      -      -      -      -      -      -      -      -      -     98.0   98.0   98.0   98.0   98.0   98.0   98.0   98.0   98.0   98.0   98.0   98.0   98.0   98.0   98.0   98.0   98.0   98.0   98.0   98.0   98.0   98.0   98.0   98.0   98.0   98.0   98.0   98.0   98.0   98.0   98.0   98.0   98.0   98.0   98.0   98.0   98.0   98.0   98.0   98.0
p11_bear_sea    -      -      -      -      -      -      -      -      -      -      -     96.5   96.5   96.5   96.5   96.5   96.5   96.5   96.5   96.5   96.5   96.5   96.5   96.5   96.5   96.5   96.5   96.5   96.5   96.5   96.5   96.5   96.5   96.5   96.5   96.5   96.5   96.5   96.5   96.5   96.5   96.5   96.5   96.5   96.5   96.5   96.5   96.5   96.5   96.5
p12_lobster_    -      -      -      -      -      -      -      -      -      -      -      -     95.0   95.0   95.0   95.0   95.0   95.0   95.0   95.0   95.0   95.0   95.0   95.0   95.0   95.0   95.0   95.0   95.0   95.0   95.0   95.0   95.0   95.0   95.0   95.0   95.0   95.0   95.0   95.0   95.0   95.0   95.0   95.0   95.0   95.0   95.0   95.0   95.0   95.0
p13_bee_worm    -      -      -      -      -      -      -      -      -      -      -      -      -     99.0   99.0   99.0   99.0   99.0   99.0   99.0   99.0   99.0   99.0   99.0   99.0   99.0   99.0   99.0   99.0   99.0   99.0   99.0   99.0   99.0   99.0   99.0   99.0   99.0   99.0   99.0   99.0   99.0   99.0   99.0   99.0   99.0   99.0   99.0   99.0   99.0
p14_skyscrap    -      -      -      -      -      -      -      -      -      -      -      -      -      -     99.0   99.0   99.0   99.0   99.0   99.0   99.0   99.0   99.0   99.0   99.0   99.0   99.0   99.0   99.0   99.0   99.0   99.0   99.0   99.0   99.0   99.0   99.0   99.0   99.0   99.0   99.0   99.0   99.0   99.0   99.0   99.0   99.0   99.0   99.0   99.0
p15_plain_sq    -      -      -      -      -      -      -      -      -      -      -      -      -      -      -     99.0   99.0   99.0   99.0   99.0   99.0   99.0   99.0   99.0   99.0   99.0   99.0   99.0   99.0   99.0   99.0   99.0   99.0   99.0   99.0   99.0   99.0   99.0   99.0   99.0   99.0   99.0   99.0   99.0   99.0   99.0   99.0   99.0   99.0   99.0
p16_road_tra    -      -      -      -      -      -      -      -      -      -      -      -      -      -      -      -     95.0   95.0   95.0   95.0   95.0   95.0   95.0   95.0   95.0   95.0   95.0   95.0   95.0   95.0   95.0   95.0   95.0   95.0   95.0   95.0   95.0   95.0   95.0   95.0   95.0   95.0   95.0   95.0   95.0   95.0   95.0   95.0   95.0   95.0
p17_crocodil    -      -      -      -      -      -      -      -      -      -      -      -      -      -      -      -      -     93.5   93.5   93.5   93.5   93.5   93.5   93.5   93.5   93.5   93.5   93.5   93.5   93.5   93.5   93.5   93.5   93.5   93.5   93.5   93.5   93.5   93.5   93.5   93.5   93.5   93.5   93.5   93.5   93.5   93.5   93.5   93.5   93.5
p18_caterpil    -      -      -      -      -      -      -      -      -      -      -      -      -      -      -      -      -      -     95.5   95.5   95.5   95.5   95.5   95.5   95.5   95.5   95.5   95.5   95.5   95.5   95.5   95.5   95.5   95.5   95.5   95.5   95.5   95.5   95.5   95.5   95.5   95.5   95.5   95.5   95.5   95.5   95.5   95.5   95.5   95.5
p19_porcupin    -      -      -      -      -      -      -      -      -      -      -      -      -      -      -      -      -      -      -     85.0   85.0   85.0   85.0   85.0   85.0   85.0   85.0   85.0   85.0   85.0   85.0   85.0   85.0   85.0   85.0   85.0   85.0   85.0   85.0   85.0   85.0   85.0   85.0   85.0   85.0   85.0   85.0   85.0   85.0   85.0
p20_aquarium    -      -      -      -      -      -      -      -      -      -      -      -      -      -      -      -      -      -      -      -    100.0  100.0  100.0  100.0  100.0  100.0  100.0  100.0  100.0  100.0  100.0  100.0  100.0  100.0  100.0  100.0  100.0  100.0  100.0  100.0  100.0  100.0  100.0  100.0  100.0  100.0  100.0  100.0  100.0  100.0
p21_lawn_mow    -      -      -      -      -      -      -      -      -      -      -      -      -      -      -      -      -      -      -      -      -     97.5   97.5   97.5   97.5   97.5   97.5   97.5   97.5   97.5   97.5   97.5   97.5   97.5   97.5   97.5   97.5   97.5   97.5   97.5   97.5   97.5   97.5   97.5   97.5   97.5   97.5   97.5   97.5   97.5
p22_beaver_c    -      -      -      -      -      -      -      -      -      -      -      -      -      -      -      -      -      -      -      -      -      -     93.0   93.0   93.0   93.0   93.0   93.0   93.0   93.0   93.0   93.0   93.0   93.0   93.0   93.0   93.0   93.0   93.0   93.0   93.0   93.0   93.0   93.0   93.0   93.0   93.0   93.0   93.0   93.0
p23_castle_l    -      -      -      -      -      -      -      -      -      -      -      -      -      -      -      -      -      -      -      -      -      -      -     98.5   98.5   98.5   98.5   98.5   98.5   98.5   98.5   98.5   98.5   98.5   98.5   98.5   98.5   98.5   98.5   98.5   98.5   98.5   98.5   98.5   98.5   98.5   98.5   98.5   98.5   98.5
p24_bed_kang    -      -      -      -      -      -      -      -      -      -      -      -      -      -      -      -      -      -      -      -      -      -      -      -     96.5   96.5   96.5   96.5   96.5   96.5   96.5   96.5   96.5   96.5   96.5   96.5   96.5   96.5   96.5   96.5   96.5   96.5   96.5   96.5   96.5   96.5   96.5   96.5   96.5   96.5
p25_pine_tre    -      -      -      -      -      -      -      -      -      -      -      -      -      -      -      -      -      -      -      -      -      -      -      -      -     98.0   98.0   98.0   98.0   98.0   98.0   98.0   98.0   98.0   98.0   98.0   98.0   98.0   98.0   98.0   98.0   98.0   98.0   98.0   98.0   98.0   98.0   98.0   98.0   98.0
p26_apple_fo    -      -      -      -      -      -      -      -      -      -      -      -      -      -      -      -      -      -      -      -      -      -      -      -      -      -     99.5   99.5   99.5   99.5   99.5   99.5   99.5   99.5   99.5   99.5   99.5   99.5   99.5   99.5   99.5   99.5   99.5   99.5   99.5   99.5   99.5   99.5   99.5   99.5
p27_cup_mous    -      -      -      -      -      -      -      -      -      -      -      -      -      -      -      -      -      -      -      -      -      -      -      -      -      -      -     97.0   97.0   97.0   97.0   97.0   97.0   97.0   97.0   97.0   97.0   97.0   97.0   97.0   97.0   97.0   97.0   97.0   97.0   97.0   97.0   97.0   97.0   97.0
p28_boy_girl    -      -      -      -      -      -      -      -      -      -      -      -      -      -      -      -      -      -      -      -      -      -      -      -      -      -      -      -     70.5   70.5   70.5   70.5   70.5   70.5   70.5   70.5   70.5   70.5   70.5   70.5   70.5   70.5   70.5   70.5   70.5   70.5   70.5   70.5   70.5   70.5
p29_cloud_oa    -      -      -      -      -      -      -      -      -      -      -      -      -      -      -      -      -      -      -      -      -      -      -      -      -      -      -      -      -    100.0  100.0  100.0  100.0  100.0  100.0  100.0  100.0  100.0  100.0  100.0  100.0  100.0  100.0  100.0  100.0  100.0  100.0  100.0  100.0  100.0
p30_bowl_ele    -      -      -      -      -      -      -      -      -      -      -      -      -      -      -      -      -      -      -      -      -      -      -      -      -      -      -      -      -      -     98.5   98.5   98.5   98.5   98.5   98.5   98.5   98.5   98.5   98.5   98.5   98.5   98.5   98.5   98.5   98.5   98.5   98.5   98.5   98.5
p31_pear_rac    -      -      -      -      -      -      -      -      -      -      -      -      -      -      -      -      -      -      -      -      -      -      -      -      -      -      -      -      -      -      -     98.5   98.5   98.5   98.5   98.5   98.5   98.5   98.5   98.5   98.5   98.5   98.5   98.5   98.5   98.5   98.5   98.5   98.5   98.5
p32_spider_t    -      -      -      -      -      -      -      -      -      -      -      -      -      -      -      -      -      -      -      -      -      -      -      -      -      -      -      -      -      -      -      -     96.0   96.0   96.0   96.0   96.0   96.0   96.0   96.0   96.0   96.0   96.0   96.0   96.0   96.0   96.0   96.0   96.0   96.0
p33_flatfish    -      -      -      -      -      -      -      -      -      -      -      -      -      -      -      -      -      -      -      -      -      -      -      -      -      -      -      -      -      -      -      -      -     90.5   90.5   90.5   90.5   90.5   90.5   90.5   90.5   90.5   90.5   90.5   90.5   90.5   90.5   90.5   90.5   90.5
p34_butterfl    -      -      -      -      -      -      -      -      -      -      -      -      -      -      -      -      -      -      -      -      -      -      -      -      -      -      -      -      -      -      -      -      -      -     94.0   94.0   94.0   94.0   94.0   94.0   94.0   94.0   94.0   94.0   94.0   94.0   94.0   94.0   94.0   94.0
p35_cattle_d    -      -      -      -      -      -      -      -      -      -      -      -      -      -      -      -      -      -      -      -      -      -      -      -      -      -      -      -      -      -      -      -      -      -      -     87.0   87.0   87.0   87.0   87.0   87.0   87.0   87.0   87.0   87.0   87.0   87.0   87.0   87.0   87.0
p36_mountain    -      -      -      -      -      -      -      -      -      -      -      -      -      -      -      -      -      -      -      -      -      -      -      -      -      -      -      -      -      -      -      -      -      -      -      -     98.5   98.5   98.5   98.5   98.5   98.5   98.5   98.5   98.5   98.5   98.5   98.5   98.5   98.5
p37_rocket_w    -      -      -      -      -      -      -      -      -      -      -      -      -      -      -      -      -      -      -      -      -      -      -      -      -      -      -      -      -      -      -      -      -      -      -      -      -     98.5   98.5   98.5   98.5   98.5   98.5   98.5   98.5   98.5   98.5   98.5   98.5   98.5
p38_chair_wa    -      -      -      -      -      -      -      -      -      -      -      -      -      -      -      -      -      -      -      -      -      -      -      -      -      -      -      -      -      -      -      -      -      -      -      -      -      -     94.5   94.5   94.5   94.5   94.5   94.5   94.5   94.5   94.5   94.5   94.5   94.5
p39_seal_sna    -      -      -      -      -      -      -      -      -      -      -      -      -      -      -      -      -      -      -      -      -      -      -      -      -      -      -      -      -      -      -      -      -      -      -      -      -      -      -     91.5   91.5   91.5   91.5   91.5   91.5   91.5   91.5   91.5   91.5   91.5
p40_couch_ho    -      -      -      -      -      -      -      -      -      -      -      -      -      -      -      -      -      -      -      -      -      -      -      -      -      -      -      -      -      -      -      -      -      -      -      -      -      -      -      -     91.5   91.5   91.5   91.5   91.5   91.5   91.5   91.5   91.5   91.5
p41_man_stre    -      -      -      -      -      -      -      -      -      -      -      -      -      -      -      -      -      -      -      -      -      -      -      -      -      -      -      -      -      -      -      -      -      -      -      -      -      -      -      -      -     97.5   97.5   97.5   97.5   97.5   97.5   97.5   97.5   97.5
p42_keyboard    -      -      -      -      -      -      -      -      -      -      -      -      -      -      -      -      -      -      -      -      -      -      -      -      -      -      -      -      -      -      -      -      -      -      -      -      -      -      -      -      -      -     99.0   99.0   99.0   99.0   99.0   99.0   99.0   99.0
p43_bridge_p    -      -      -      -      -      -      -      -      -      -      -      -      -      -      -      -      -      -      -      -      -      -      -      -      -      -      -      -      -      -      -      -      -      -      -      -      -      -      -      -      -      -      -     93.0   93.0   93.0   93.0   93.0   93.0   93.0
p44_rose_tig    -      -      -      -      -      -      -      -      -      -      -      -      -      -      -      -      -      -      -      -      -      -      -      -      -      -      -      -      -      -      -      -      -      -      -      -      -      -      -      -      -      -      -      -     97.5   97.5   97.5   97.5   97.5   97.5
p45_hamster_    -      -      -      -      -      -      -      -      -      -      -      -      -      -      -      -      -      -      -      -      -      -      -      -      -      -      -      -      -      -      -      -      -      -      -      -      -      -      -      -      -      -      -      -      -     97.5   97.5   97.5   97.5   97.5
p46_chimpanz    -      -      -      -      -      -      -      -      -      -      -      -      -      -      -      -      -      -      -      -      -      -      -      -      -      -      -      -      -      -      -      -      -      -      -      -      -      -      -      -      -      -      -      -      -      -     99.0   99.0   99.0   99.0
p47_bottle_w    -      -      -      -      -      -      -      -      -      -      -      -      -      -      -      -      -      -      -      -      -      -      -      -      -      -      -      -      -      -      -      -      -      -      -      -      -      -      -      -      -      -      -      -      -      -      -     98.5   98.5   98.5
p48_possum_r    -      -      -      -      -      -      -      -      -      -      -      -      -      -      -      -      -      -      -      -      -      -      -      -      -      -      -      -      -      -      -      -      -      -      -      -      -      -      -      -      -      -      -      -      -      -      -      -     92.5   92.5
p49_lizard_m    -      -      -      -      -      -      -      -      -      -      -      -      -      -      -      -      -      -      -      -      -      -      -      -      -      -      -      -      -      -      -      -      -      -      -      -      -      -      -      -      -      -      -      -      -      -      -      -      -     98.5
--------------------------------------------------------------------------
avg RETAINED accuracy (after all tasks)  : 95.70%
max ACCURACY drift after a task learned  : 0.000%
Backward Transfer (BWT, ~0 = no forget)  : +0.000%
max FROZEN-WEIGHT drift (bit-exact)      : 0.00e+00
max LOGIT drift (function preserved)     : 0.00e+00

inference (LoRA merged): 0.0230 GFLOPs, 1.72M backbone params
per-task floor    cost   : 0.062M params/task (0.25 MB fp32-store measured), grows linearly with tasks
cAPF = 4166.5 %/GFLOP

wrote cvit_lora_pair50_S_128_r0_seed1.txt
